Block-STM 历史转账重放综合测试 - basic 场景
原始数据文件: ./data/ETH_2401_100000.csv
采样数据文件: ./temp_data/ETH_2401_100000_10.csv
交易数量: 10
测试场景: basic
日志级别: INFO
开始时间: Fri Jul 25 12:50:53 CST 2025

============================== 运行 CPU 核心: (0) 数量:        1, 交易数: 10 ==============================
warning: profiles for the non root package will be ignored, specify profiles at the workspace root:
package:   /Users/bethestar/Downloads/Crystality/BCParallelConcurrencyEvaluation/aptos-core/aptos-move/aptos-transaction-benchmarks/Cargo.toml
workspace: /Users/bethestar/Downloads/Crystality/BCParallelConcurrencyEvaluation/aptos-core/Cargo.toml
warning: field `start_time` is never read
   --> aptos-move/block-executor/src/block_stm_logger.rs:187:5
    |
184 | pub struct BlockSTMLogger {
    |            -------------- field in this struct
...
187 |     start_time: Instant,
    |     ^^^^^^^^^^
    |
    = note: `#[warn(dead_code)]` on by default

warning: `aptos-block-executor` (lib) generated 1 warning
    Finished `release` profile [optimized + debuginfo] target(s) in 1.90s
     Running `/Users/bethestar/Downloads/Crystality/BCParallelConcurrencyEvaluation/aptos-core/target/release/aptos-transaction-benchmarks replay-erc20 --data-path ./temp_data/ETH_2401_100000_10.csv --concurrency-level 1`
2025-07-25T04:50:55.724287Z [main] WARN crates/node-resource-metrics/src/lib.rs:48 Failed to register collector: Duplicate metrics collector registration attempted
2025-07-25T04:50:55.724451Z [main] INFO crates/aptos-push-metrics/src/lib.rs:99 PUSH_METRICS_ENDPOINT env var is not set. Skipping sending metrics.
2025-07-25T04:50:55.724512Z [main] INFO crates/aptos-push-metrics/src/lib.rs:194 Execution dashboard link: https://aptoslabs.grafana.net/d/execution/execution?from=1753418455724&to=1753419055724&var-Datasource=fHo-R604z&var-metrics_source=All&var-chain_name=block-stm-benchmark&var-cluster=All&var-namespace=1753419055724370000&var-kubernetes_pod_name=All&var-role=All 
Reading ERC20 historic data from: ./temp_data/ETH_2401_100000_10.csv
Loaded 10 transactions from CSV
Generated 10 signature verified transactions
Benchmark run 1/1
Parallel execution starts...
2025-07-25T04:51:00.095667Z [main] INFO aptos-move/aptos-vm/src/aptos_vm.rs:2772 Executing block, transaction count: 10 {"name":"miscellaneous","txn_idx":0}
2025-07-25T04:51:00.123115Z [main] INFO aptos-move/block-executor/src/limit_processor.rs:230 [BlockSTM]: Sequential execution completed. 10 out of 10 txns committed {"approx_output_size":0,"block_gas_limit":0,"block_gas_limit_exceeded":false,"block_gas_limit_override":0,"block_output_limit":0,"block_output_limit_exceeded":false,"effective_block_gas":80,"elapsed_ms":3,"num_committed":10,"num_total":10,"num_workers":1,"raw_block_gas":80}
execution_total:10, validation_total:0, abort:0, suspend:0, avg_suspend_time:0.00 us, suspend_time_total:0.00 us
execution_total:10, validation_total:0, abort:0, suspend:0, avg_suspend_time:0.00 us, suspend_time_total:0.00 us
Parallel execution finishes, TPS = 370
Sequential execution starts...
2025-07-25T04:51:00.124248Z [main] INFO aptos-move/aptos-vm/src/aptos_vm.rs:2772 Executing block, transaction count: 10 {"name":"miscellaneous","txn_idx":0}
2025-07-25T04:51:00.149413Z [main] INFO aptos-move/block-executor/src/limit_processor.rs:230 [BlockSTM]: Sequential execution completed. 10 out of 10 txns committed {"approx_output_size":0,"block_gas_limit":0,"block_gas_limit_exceeded":false,"block_gas_limit_override":0,"block_output_limit":0,"block_output_limit_exceeded":false,"effective_block_gas":80,"elapsed_ms":3,"num_committed":10,"num_total":10,"num_workers":1,"raw_block_gas":80}
execution_total:10, validation_total:0, abort:0, suspend:0, avg_suspend_time:0.00 us, suspend_time_total:0.00 us
execution_total:10, validation_total:0, abort:0, suspend:0, avg_suspend_time:0.00 us, suspend_time_total:0.00 us
Sequential execution finishes, TPS = 400

=== Block-STM 详细日志分析 (交易数: 10, 核心数:        1) ===
日志文件摘要:
=== Block-STM 日志分析结束 ===

============================== 运行 CPU 核心: (0,1) 数量:        2, 交易数: 10 ==============================
warning: profiles for the non root package will be ignored, specify profiles at the workspace root:
package:   /Users/bethestar/Downloads/Crystality/BCParallelConcurrencyEvaluation/aptos-core/aptos-move/aptos-transaction-benchmarks/Cargo.toml
workspace: /Users/bethestar/Downloads/Crystality/BCParallelConcurrencyEvaluation/aptos-core/Cargo.toml
warning: field `start_time` is never read
   --> aptos-move/block-executor/src/block_stm_logger.rs:187:5
    |
184 | pub struct BlockSTMLogger {
    |            -------------- field in this struct
...
187 |     start_time: Instant,
    |     ^^^^^^^^^^
    |
    = note: `#[warn(dead_code)]` on by default

warning: `aptos-block-executor` (lib) generated 1 warning
    Finished `release` profile [optimized + debuginfo] target(s) in 1.15s
     Running `/Users/bethestar/Downloads/Crystality/BCParallelConcurrencyEvaluation/aptos-core/target/release/aptos-transaction-benchmarks replay-erc20 --data-path ./temp_data/ETH_2401_100000_10.csv --concurrency-level 2`
2025-07-25T04:51:05.128702Z [main] WARN crates/node-resource-metrics/src/lib.rs:48 Failed to register collector: Duplicate metrics collector registration attempted
2025-07-25T04:51:05.128860Z [main] INFO crates/aptos-push-metrics/src/lib.rs:99 PUSH_METRICS_ENDPOINT env var is not set. Skipping sending metrics.
2025-07-25T04:51:05.128917Z [main] INFO crates/aptos-push-metrics/src/lib.rs:194 Execution dashboard link: https://aptoslabs.grafana.net/d/execution/execution?from=1753418465128&to=1753419065128&var-Datasource=fHo-R604z&var-metrics_source=All&var-chain_name=block-stm-benchmark&var-cluster=All&var-namespace=1753419065128784000&var-kubernetes_pod_name=All&var-role=All 
Reading ERC20 historic data from: ./temp_data/ETH_2401_100000_10.csv
Loaded 10 transactions from CSV
Generated 10 signature verified transactions
Benchmark run 1/1
Parallel execution starts...
2025-07-25T04:51:09.483049Z [main] INFO aptos-move/aptos-vm/src/aptos_vm.rs:2772 Executing block, transaction count: 10 {"name":"miscellaneous","txn_idx":0}
2025-07-25T04:51:09.509826Z [par_exec-2] INFO aptos-move/block-executor/src/limit_processor.rs:230 [BlockSTM]: Parallel[2] execution completed. 10 out of 10 txns committed {"approx_output_size":0,"block_gas_limit":0,"block_gas_limit_exceeded":false,"block_gas_limit_override":0,"block_output_limit":0,"block_output_limit_exceeded":false,"effective_block_gas":80,"elapsed_ms":3,"num_committed":10,"num_total":10,"num_workers":2,"raw_block_gas":80}
execution_total:10, validation_total:20, abort:0, suspend:0, avg_suspend_time:0.00 us, suspend_time_total:0.00 us
execution_total:10, validation_total:20, abort:0, suspend:0, avg_suspend_time:0.00 us, suspend_time_total:0.00 us
Parallel execution finishes, TPS = 384
Sequential execution starts...
2025-07-25T04:51:09.511232Z [main] INFO aptos-move/aptos-vm/src/aptos_vm.rs:2772 Executing block, transaction count: 10 {"name":"miscellaneous","txn_idx":0}
2025-07-25T04:51:09.535792Z [main] INFO aptos-move/block-executor/src/limit_processor.rs:230 [BlockSTM]: Sequential execution completed. 10 out of 10 txns committed {"approx_output_size":0,"block_gas_limit":0,"block_gas_limit_exceeded":false,"block_gas_limit_override":0,"block_output_limit":0,"block_output_limit_exceeded":false,"effective_block_gas":80,"elapsed_ms":3,"num_committed":10,"num_total":10,"num_workers":1,"raw_block_gas":80}
execution_total:10, validation_total:0, abort:0, suspend:0, avg_suspend_time:0.00 us, suspend_time_total:0.00 us
execution_total:10, validation_total:0, abort:0, suspend:0, avg_suspend_time:0.00 us, suspend_time_total:0.00 us
Sequential execution finishes, TPS = 416

=== Block-STM 详细日志分析 (交易数: 10, 核心数:        2) ===
日志文件摘要:
=== Block-STM 日志分析结束 ===

============================== 运行 CPU 核心: (0,1,2,3) 数量:        4, 交易数: 10 ==============================
warning: profiles for the non root package will be ignored, specify profiles at the workspace root:
package:   /Users/bethestar/Downloads/Crystality/BCParallelConcurrencyEvaluation/aptos-core/aptos-move/aptos-transaction-benchmarks/Cargo.toml
workspace: /Users/bethestar/Downloads/Crystality/BCParallelConcurrencyEvaluation/aptos-core/Cargo.toml
warning: field `start_time` is never read
   --> aptos-move/block-executor/src/block_stm_logger.rs:187:5
    |
184 | pub struct BlockSTMLogger {
    |            -------------- field in this struct
...
187 |     start_time: Instant,
    |     ^^^^^^^^^^
    |
    = note: `#[warn(dead_code)]` on by default

warning: `aptos-block-executor` (lib) generated 1 warning
    Finished `release` profile [optimized + debuginfo] target(s) in 1.84s
     Running `/Users/bethestar/Downloads/Crystality/BCParallelConcurrencyEvaluation/aptos-core/target/release/aptos-transaction-benchmarks replay-erc20 --data-path ./temp_data/ETH_2401_100000_10.csv --concurrency-level 4`
2025-07-25T04:51:15.193136Z [main] WARN crates/node-resource-metrics/src/lib.rs:48 Failed to register collector: Duplicate metrics collector registration attempted
2025-07-25T04:51:15.193280Z [main] INFO crates/aptos-push-metrics/src/lib.rs:99 PUSH_METRICS_ENDPOINT env var is not set. Skipping sending metrics.
2025-07-25T04:51:15.193336Z [main] INFO crates/aptos-push-metrics/src/lib.rs:194 Execution dashboard link: https://aptoslabs.grafana.net/d/execution/execution?from=1753418475193&to=1753419075193&var-Datasource=fHo-R604z&var-metrics_source=All&var-chain_name=block-stm-benchmark&var-cluster=All&var-namespace=1753419075193207000&var-kubernetes_pod_name=All&var-role=All 
Reading ERC20 historic data from: ./temp_data/ETH_2401_100000_10.csv
Loaded 10 transactions from CSV
Generated 10 signature verified transactions
Benchmark run 1/1
Parallel execution starts...
2025-07-25T04:51:19.513913Z [main] INFO aptos-move/aptos-vm/src/aptos_vm.rs:2772 Executing block, transaction count: 10 {"name":"miscellaneous","txn_idx":0}
2025-07-25T04:51:19.538613Z [par_exec-2] INFO aptos-move/block-executor/src/limit_processor.rs:230 [BlockSTM]: Parallel[4] execution completed. 10 out of 10 txns committed {"approx_output_size":0,"block_gas_limit":0,"block_gas_limit_exceeded":false,"block_gas_limit_override":0,"block_output_limit":0,"block_output_limit_exceeded":false,"effective_block_gas":80,"elapsed_ms":2,"num_committed":10,"num_total":10,"num_workers":4,"raw_block_gas":80}
execution_total:10, validation_total:20, abort:0, suspend:0, avg_suspend_time:0.00 us, suspend_time_total:0.00 us
execution_total:10, validation_total:20, abort:0, suspend:0, avg_suspend_time:0.00 us, suspend_time_total:0.00 us
Parallel execution finishes, TPS = 416
Sequential execution starts...
2025-07-25T04:51:19.539881Z [main] INFO aptos-move/aptos-vm/src/aptos_vm.rs:2772 Executing block, transaction count: 10 {"name":"miscellaneous","txn_idx":0}
2025-07-25T04:51:19.564931Z [main] INFO aptos-move/block-executor/src/limit_processor.rs:230 [BlockSTM]: Sequential execution completed. 10 out of 10 txns committed {"approx_output_size":0,"block_gas_limit":0,"block_gas_limit_exceeded":false,"block_gas_limit_override":0,"block_output_limit":0,"block_output_limit_exceeded":false,"effective_block_gas":80,"elapsed_ms":3,"num_committed":10,"num_total":10,"num_workers":1,"raw_block_gas":80}
execution_total:10, validation_total:0, abort:0, suspend:0, avg_suspend_time:0.00 us, suspend_time_total:0.00 us
execution_total:10, validation_total:0, abort:0, suspend:0, avg_suspend_time:0.00 us, suspend_time_total:0.00 us
Sequential execution finishes, TPS = 400

=== Block-STM 详细日志分析 (交易数: 10, 核心数:        4) ===
日志文件摘要:
=== Block-STM 日志分析结束 ===

============================== 运行 CPU 核心: (0,1,2,3,4,5,6,7) 数量:        8, 交易数: 10 ==============================
warning: profiles for the non root package will be ignored, specify profiles at the workspace root:
package:   /Users/bethestar/Downloads/Crystality/BCParallelConcurrencyEvaluation/aptos-core/aptos-move/aptos-transaction-benchmarks/Cargo.toml
workspace: /Users/bethestar/Downloads/Crystality/BCParallelConcurrencyEvaluation/aptos-core/Cargo.toml
warning: field `start_time` is never read
   --> aptos-move/block-executor/src/block_stm_logger.rs:187:5
    |
184 | pub struct BlockSTMLogger {
    |            -------------- field in this struct
...
187 |     start_time: Instant,
    |     ^^^^^^^^^^
    |
    = note: `#[warn(dead_code)]` on by default

warning: `aptos-block-executor` (lib) generated 1 warning
    Finished `release` profile [optimized + debuginfo] target(s) in 1.11s
     Running `/Users/bethestar/Downloads/Crystality/BCParallelConcurrencyEvaluation/aptos-core/target/release/aptos-transaction-benchmarks replay-erc20 --data-path ./temp_data/ETH_2401_100000_10.csv --concurrency-level 8`
2025-07-25T04:51:24.524129Z [main] WARN crates/node-resource-metrics/src/lib.rs:48 Failed to register collector: Duplicate metrics collector registration attempted
2025-07-25T04:51:24.524291Z [main] INFO crates/aptos-push-metrics/src/lib.rs:99 PUSH_METRICS_ENDPOINT env var is not set. Skipping sending metrics.
2025-07-25T04:51:24.524356Z [main] INFO crates/aptos-push-metrics/src/lib.rs:194 Execution dashboard link: https://aptoslabs.grafana.net/d/execution/execution?from=1753418484524&to=1753419084524&var-Datasource=fHo-R604z&var-metrics_source=All&var-chain_name=block-stm-benchmark&var-cluster=All&var-namespace=1753419084524206000&var-kubernetes_pod_name=All&var-role=All 
Reading ERC20 historic data from: ./temp_data/ETH_2401_100000_10.csv
Loaded 10 transactions from CSV
Generated 10 signature verified transactions
Benchmark run 1/1
Parallel execution starts...
2025-07-25T04:51:28.880571Z [main] INFO aptos-move/aptos-vm/src/aptos_vm.rs:2772 Executing block, transaction count: 10 {"name":"miscellaneous","txn_idx":0}
2025-07-25T04:51:28.904948Z [par_exec-2] INFO aptos-move/block-executor/src/limit_processor.rs:230 [BlockSTM]: Parallel[5] execution completed. 10 out of 10 txns committed {"approx_output_size":0,"block_gas_limit":0,"block_gas_limit_exceeded":false,"block_gas_limit_override":0,"block_output_limit":0,"block_output_limit_exceeded":false,"effective_block_gas":80,"elapsed_ms":1,"num_committed":10,"num_total":10,"num_workers":5,"raw_block_gas":80}
execution_total:10, validation_total:21, abort:0, suspend:0, avg_suspend_time:0.00 us, suspend_time_total:0.00 us
execution_total:10, validation_total:21, abort:0, suspend:0, avg_suspend_time:0.00 us, suspend_time_total:0.00 us
Parallel execution finishes, TPS = 416
Sequential execution starts...
2025-07-25T04:51:28.906174Z [main] INFO aptos-move/aptos-vm/src/aptos_vm.rs:2772 Executing block, transaction count: 10 {"name":"miscellaneous","txn_idx":0}
2025-07-25T04:51:28.931472Z [main] INFO aptos-move/block-executor/src/limit_processor.rs:230 [BlockSTM]: Sequential execution completed. 10 out of 10 txns committed {"approx_output_size":0,"block_gas_limit":0,"block_gas_limit_exceeded":false,"block_gas_limit_override":0,"block_output_limit":0,"block_output_limit_exceeded":false,"effective_block_gas":80,"elapsed_ms":3,"num_committed":10,"num_total":10,"num_workers":1,"raw_block_gas":80}
execution_total:10, validation_total:0, abort:0, suspend:0, avg_suspend_time:0.00 us, suspend_time_total:0.00 us
execution_total:10, validation_total:0, abort:0, suspend:0, avg_suspend_time:0.00 us, suspend_time_total:0.00 us
Sequential execution finishes, TPS = 400

=== Block-STM 详细日志分析 (交易数: 10, 核心数:        8) ===
日志文件摘要:
=== Block-STM 日志分析结束 ===

============================== 运行 CPU 核心: (0,1,2,3,4,5,6,7,8,9,10,11,12,13,14,15) 数量:       16, 交易数: 10 ==============================
warning: profiles for the non root package will be ignored, specify profiles at the workspace root:
package:   /Users/bethestar/Downloads/Crystality/BCParallelConcurrencyEvaluation/aptos-core/aptos-move/aptos-transaction-benchmarks/Cargo.toml
workspace: /Users/bethestar/Downloads/Crystality/BCParallelConcurrencyEvaluation/aptos-core/Cargo.toml
warning: field `start_time` is never read
   --> aptos-move/block-executor/src/block_stm_logger.rs:187:5
    |
184 | pub struct BlockSTMLogger {
    |            -------------- field in this struct
...
187 |     start_time: Instant,
    |     ^^^^^^^^^^
    |
    = note: `#[warn(dead_code)]` on by default

warning: `aptos-block-executor` (lib) generated 1 warning
    Finished `release` profile [optimized + debuginfo] target(s) in 1.84s
     Running `/Users/bethestar/Downloads/Crystality/BCParallelConcurrencyEvaluation/aptos-core/target/release/aptos-transaction-benchmarks replay-erc20 --data-path ./temp_data/ETH_2401_100000_10.csv --concurrency-level 16`
2025-07-25T04:51:34.608433Z [main] WARN crates/node-resource-metrics/src/lib.rs:48 Failed to register collector: Duplicate metrics collector registration attempted
2025-07-25T04:51:34.608586Z [main] INFO crates/aptos-push-metrics/src/lib.rs:99 PUSH_METRICS_ENDPOINT env var is not set. Skipping sending metrics.
2025-07-25T04:51:34.608644Z [main] INFO crates/aptos-push-metrics/src/lib.rs:194 Execution dashboard link: https://aptoslabs.grafana.net/d/execution/execution?from=1753418494608&to=1753419094608&var-Datasource=fHo-R604z&var-metrics_source=All&var-chain_name=block-stm-benchmark&var-cluster=All&var-namespace=1753419094608511000&var-kubernetes_pod_name=All&var-role=All 
Reading ERC20 historic data from: ./temp_data/ETH_2401_100000_10.csv
Loaded 10 transactions from CSV
Generated 10 signature verified transactions
Benchmark run 1/1
Parallel execution starts...
2025-07-25T04:51:39.000707Z [main] INFO aptos-move/aptos-vm/src/aptos_vm.rs:2772 Executing block, transaction count: 10 {"name":"miscellaneous","txn_idx":0}
2025-07-25T04:51:39.027342Z [par_exec-3] INFO aptos-move/block-executor/src/limit_processor.rs:230 [BlockSTM]: Parallel[5] execution completed. 10 out of 10 txns committed {"approx_output_size":0,"block_gas_limit":0,"block_gas_limit_exceeded":false,"block_gas_limit_override":0,"block_output_limit":0,"block_output_limit_exceeded":false,"effective_block_gas":80,"elapsed_ms":2,"num_committed":10,"num_total":10,"num_workers":5,"raw_block_gas":80}
execution_total:10, validation_total:20, abort:0, suspend:0, avg_suspend_time:0.00 us, suspend_time_total:0.00 us
execution_total:10, validation_total:20, abort:0, suspend:0, avg_suspend_time:0.00 us, suspend_time_total:0.00 us
Parallel execution finishes, TPS = 384
Sequential execution starts...
2025-07-25T04:51:39.028644Z [main] INFO aptos-move/aptos-vm/src/aptos_vm.rs:2772 Executing block, transaction count: 10 {"name":"miscellaneous","txn_idx":0}
2025-07-25T04:51:39.055123Z [main] INFO aptos-move/block-executor/src/limit_processor.rs:230 [BlockSTM]: Sequential execution completed. 10 out of 10 txns committed {"approx_output_size":0,"block_gas_limit":0,"block_gas_limit_exceeded":false,"block_gas_limit_override":0,"block_output_limit":0,"block_output_limit_exceeded":false,"effective_block_gas":80,"elapsed_ms":3,"num_committed":10,"num_total":10,"num_workers":1,"raw_block_gas":80}
execution_total:10, validation_total:0, abort:0, suspend:0, avg_suspend_time:0.00 us, suspend_time_total:0.00 us
execution_total:10, validation_total:0, abort:0, suspend:0, avg_suspend_time:0.00 us, suspend_time_total:0.00 us
Sequential execution finishes, TPS = 384

=== Block-STM 详细日志分析 (交易数: 10, 核心数:       16) ===
日志文件摘要:
=== Block-STM 日志分析结束 ===

============================== 完成 ==============================

=== 性能摘要 ===
并行执行 TPS: [370,384,416,416,384]
加速比: [1.00,1.03,1.12,1.12,1.03]
顺序执行 TPS: [400,416,400,400,384]
结束时间: Fri Jul 25 12:51:42 CST 2025
