run historical transfer tasks for ETH_2401_100000 with 1000 transactions
Original data file: ./data/ETH_2401_100000.csv
Sampled data file: ./temp_data/ETH_2401_100000_1000.csv
Transaction count: 1000

============================== running with cpu cores: (0) count:        1, transactions: 1000 ==============================
2025-07-17T17:12:09.500769Z [main] WARN crates/node-resource-metrics/src/lib.rs:48 Failed to register collector: Duplicate metrics collector registration attempted
2025-07-17T17:12:09.501062Z [main] INFO crates/aptos-push-metrics/src/lib.rs:99 PUSH_METRICS_ENDPOINT env var is not set. Skipping sending metrics.
2025-07-17T17:12:09.501171Z [main] INFO crates/aptos-push-metrics/src/lib.rs:194 Execution dashboard link: https://aptoslabs.grafana.net/d/execution/execution?from=1752771729501&to=1752772329501&var-Datasource=fHo-R604z&var-metrics_source=All&var-chain_name=block-stm-benchmark&var-cluster=All&var-namespace=1752772329500929000&var-kubernetes_pod_name=All&var-role=All 
Reading ERC20 historic data from: ./temp_data/ETH_2401_100000_1000.csv
Loaded 1000 transactions from CSV
Generated 1000 signature verified transactions
Benchmark run 1/1
Parallel execution starts...
2025-07-17T17:12:16.131158Z [main] INFO aptos-move/aptos-vm/src/aptos_vm.rs:2772 Executing block, transaction count: 1000 {"name":"miscellaneous","txn_idx":0}
2025-07-17T17:12:16.597744Z [main] INFO aptos-move/block-executor/src/limit_processor.rs:230 [BlockSTM]: Sequential execution completed. 1000 out of 1000 txns committed {"approx_output_size":0,"block_gas_limit":0,"block_gas_limit_exceeded":false,"block_gas_limit_override":0,"block_output_limit":0,"block_output_limit_exceeded":false,"effective_block_gas":7986,"elapsed_ms":433,"num_committed":1000,"num_total":1000,"num_workers":1,"raw_block_gas":7986}
execution_total:1000, validation_total:0, abort:0, suspend:0, avg_suspend_time:0.00 us, suspend_time_total:0.00 us
execution_total:1000, validation_total:0, abort:0, suspend:0, avg_suspend_time:0.00 us, suspend_time_total:0.00 us
Parallel execution finishes, TPS = 2132
Sequential execution starts...
2025-07-17T17:12:16.602730Z [main] INFO aptos-move/aptos-vm/src/aptos_vm.rs:2772 Executing block, transaction count: 1000 {"name":"miscellaneous","txn_idx":0}
2025-07-17T17:12:17.080217Z [main] INFO aptos-move/block-executor/src/limit_processor.rs:230 [BlockSTM]: Sequential execution completed. 1000 out of 1000 txns committed {"approx_output_size":0,"block_gas_limit":0,"block_gas_limit_exceeded":false,"block_gas_limit_override":0,"block_output_limit":0,"block_output_limit_exceeded":false,"effective_block_gas":7986,"elapsed_ms":444,"num_committed":1000,"num_total":1000,"num_workers":1,"raw_block_gas":7986}
execution_total:1000, validation_total:0, abort:0, suspend:0, avg_suspend_time:0.00 us, suspend_time_total:0.00 us
execution_total:1000, validation_total:0, abort:0, suspend:0, avg_suspend_time:0.00 us, suspend_time_total:0.00 us
Sequential execution finishes, TPS = 2083


============================== running with cpu cores: (0,1) count:        2, transactions: 1000 ==============================
2025-07-17T17:12:23.533162Z [main] WARN crates/node-resource-metrics/src/lib.rs:48 Failed to register collector: Duplicate metrics collector registration attempted
2025-07-17T17:12:23.533470Z [main] INFO crates/aptos-push-metrics/src/lib.rs:99 PUSH_METRICS_ENDPOINT env var is not set. Skipping sending metrics.
2025-07-17T17:12:23.533585Z [main] INFO crates/aptos-push-metrics/src/lib.rs:194 Execution dashboard link: https://aptoslabs.grafana.net/d/execution/execution?from=1752771743533&to=1752772343533&var-Datasource=fHo-R604z&var-metrics_source=All&var-chain_name=block-stm-benchmark&var-cluster=All&var-namespace=1752772343533327000&var-kubernetes_pod_name=All&var-role=All 
Reading ERC20 historic data from: ./temp_data/ETH_2401_100000_1000.csv
Loaded 1000 transactions from CSV
Generated 1000 signature verified transactions
Benchmark run 1/1
Parallel execution starts...
2025-07-17T17:12:30.157936Z [main] INFO aptos-move/aptos-vm/src/aptos_vm.rs:2772 Executing block, transaction count: 1000 {"name":"miscellaneous","txn_idx":0}
2025-07-17T17:12:30.428001Z [par_exec-1] INFO aptos-move/block-executor/src/limit_processor.rs:230 [BlockSTM]: Parallel[2] execution completed. 1000 out of 1000 txns committed {"approx_output_size":0,"block_gas_limit":0,"block_gas_limit_exceeded":false,"block_gas_limit_override":0,"block_output_limit":0,"block_output_limit_exceeded":false,"effective_block_gas":7986,"elapsed_ms":234,"num_committed":1000,"num_total":1000,"num_workers":2,"raw_block_gas":7986}
execution_total:1008, validation_total:2011, abort:8, suspend:0, avg_suspend_time:0.00 us, suspend_time_total:0.00 us
execution_total:1008, validation_total:2011, abort:8, suspend:0, avg_suspend_time:0.00 us, suspend_time_total:0.00 us
Parallel execution finishes, TPS = 3690
Sequential execution starts...
2025-07-17T17:12:30.430870Z [main] INFO aptos-move/aptos-vm/src/aptos_vm.rs:2772 Executing block, transaction count: 1000 {"name":"miscellaneous","txn_idx":0}
2025-07-17T17:12:30.915498Z [main] INFO aptos-move/block-executor/src/limit_processor.rs:230 [BlockSTM]: Sequential execution completed. 1000 out of 1000 txns committed {"approx_output_size":0,"block_gas_limit":0,"block_gas_limit_exceeded":false,"block_gas_limit_override":0,"block_output_limit":0,"block_output_limit_exceeded":false,"effective_block_gas":7986,"elapsed_ms":450,"num_committed":1000,"num_total":1000,"num_workers":1,"raw_block_gas":7986}
execution_total:1000, validation_total:0, abort:0, suspend:0, avg_suspend_time:0.00 us, suspend_time_total:0.00 us
execution_total:1000, validation_total:0, abort:0, suspend:0, avg_suspend_time:0.00 us, suspend_time_total:0.00 us
Sequential execution finishes, TPS = 2053


============================== running with cpu cores: (0,1,2,3) count:        4, transactions: 1000 ==============================
2025-07-17T17:12:36.766645Z [main] WARN crates/node-resource-metrics/src/lib.rs:48 Failed to register collector: Duplicate metrics collector registration attempted
2025-07-17T17:12:36.766922Z [main] INFO crates/aptos-push-metrics/src/lib.rs:99 PUSH_METRICS_ENDPOINT env var is not set. Skipping sending metrics.
2025-07-17T17:12:36.767026Z [main] INFO crates/aptos-push-metrics/src/lib.rs:194 Execution dashboard link: https://aptoslabs.grafana.net/d/execution/execution?from=1752771756766&to=1752772356766&var-Datasource=fHo-R604z&var-metrics_source=All&var-chain_name=block-stm-benchmark&var-cluster=All&var-namespace=1752772356766794000&var-kubernetes_pod_name=All&var-role=All 
Reading ERC20 historic data from: ./temp_data/ETH_2401_100000_1000.csv
Loaded 1000 transactions from CSV
Generated 1000 signature verified transactions
Benchmark run 1/1
Parallel execution starts...
2025-07-17T17:12:43.414506Z [main] INFO aptos-move/aptos-vm/src/aptos_vm.rs:2772 Executing block, transaction count: 1000 {"name":"miscellaneous","txn_idx":0}
2025-07-17T17:12:43.576427Z [par_exec-1] INFO aptos-move/block-executor/src/limit_processor.rs:230 [BlockSTM]: Parallel[4] execution completed. 1000 out of 1000 txns committed {"approx_output_size":0,"block_gas_limit":0,"block_gas_limit_exceeded":false,"block_gas_limit_override":0,"block_output_limit":0,"block_output_limit_exceeded":false,"effective_block_gas":7986,"elapsed_ms":128,"num_committed":1000,"num_total":1000,"num_workers":4,"raw_block_gas":7986}
execution_total:1020, validation_total:2043, abort:20, suspend:2, avg_suspend_time:332.79 us, suspend_time_total:665.58 us
execution_total:1020, validation_total:2043, abort:20, suspend:2, avg_suspend_time:332.79 us, suspend_time_total:665.58 us
Parallel execution finishes, TPS = 6172
Sequential execution starts...
2025-07-17T17:12:43.579753Z [main] INFO aptos-move/aptos-vm/src/aptos_vm.rs:2772 Executing block, transaction count: 1000 {"name":"miscellaneous","txn_idx":0}
2025-07-17T17:12:44.037708Z [main] INFO aptos-move/block-executor/src/limit_processor.rs:230 [BlockSTM]: Sequential execution completed. 1000 out of 1000 txns committed {"approx_output_size":0,"block_gas_limit":0,"block_gas_limit_exceeded":false,"block_gas_limit_override":0,"block_output_limit":0,"block_output_limit_exceeded":false,"effective_block_gas":7986,"elapsed_ms":423,"num_committed":1000,"num_total":1000,"num_workers":1,"raw_block_gas":7986}
execution_total:1000, validation_total:0, abort:0, suspend:0, avg_suspend_time:0.00 us, suspend_time_total:0.00 us
execution_total:1000, validation_total:0, abort:0, suspend:0, avg_suspend_time:0.00 us, suspend_time_total:0.00 us
Sequential execution finishes, TPS = 2169


